$ git init
Initialized empty Git repository in D:/GB_edu/Git/HW_Git2/HW_Git2_Sem_01/.git/

$ git remote add test https://github.com/Cerebelum/HW_Git2_Sem_01.git

$ git remote -v
test    https://github.com/Cerebelum/HW_Git2_Sem_01.git (fetch)
test    https://github.com/Cerebelum/HW_Git2_Sem_01.git (push)

$ git push
fatal: The current branch master has no upstream branch.
To push the current branch and set the remote as upstream, use
    git push --set-upstream test master
To have this happen automatically for branches without a tracking
upstream, see 'push.autoSetupRemote' in 'git help config'.

$ git push --set-upstream test master
error: src refspec master does not match any
error: failed to push some refs to 'https://github.com/Cerebelum/HW_Git2_Sem_01.git'

$ git branch -M main

$ git push --set-upstream test main
error: src refspec main does not match any
error: failed to push some refs to 'https://github.com/Cerebelum/HW_Git2_Sem_01.git'

$ git add .
$ git commit -m "added files"

$ git push --set-upstream test main
To https://github.com/Cerebelum/HW_Git2_Sem_01.git
 ! [rejected]        main -> main (fetch first)
error: failed to push some refs to 'https://github.com/Cerebelum/HW_Git2_Sem_01.git'
hint: Updates were rejected because the remote contains work that you do
hint: not have locally. This is usually caused by another repository pushing
hint: to the same ref. You may want to first integrate the remote changes
hint: (e.g., 'git pull ...') before pushing again.
hint: See the 'Note about fast-forwards' in 'git push --help' for details.

$ git pull
remote: Enumerating objects: 3, done.
remote: Counting objects: 100% (3/3), done.
remote: Total 3 (delta 0), reused 0 (delta 0), pack-reused 0
Unpacking objects: 100% (3/3), 868 bytes | 34.00 KiB/s, done.
From https://github.com/Cerebelum/HW_Git2_Sem_01
 * [new branch]      main       -> test/main
There is no tracking information for the current branch.
Please specify which branch you want to merge with.
See git-pull(1) for details.
    git pull <remote> <branch>
If you wish to set tracking information for this branch you can do so with:
    git branch --set-upstream-to=test/<branch> main

$ git branch --set-upstream-to=test/main main
branch 'main' set up to track 'test/main'.

$ git pull test main --allow-unrelated-histories
From https://github.com/Cerebelum/HW_Git2_Sem_01
 * branch            main       -> FETCH_HEAD
Merge made by the 'ort' strategy.
 README.md | 1 +
 1 file changed, 1 insertion(+)
 create mode 100644 README.md

 $ git push
Enumerating objects: 16, done.
Counting objects: 100% (16/16), done.
Delta compression using up to 8 threads
Compressing objects: 100% (14/14), done.
Writing objects: 100% (15/15), 40.68 KiB | 3.70 MiB/s, done.
Total 15 (delta 1), reused 0 (delta 0), pack-reused 0
remote: Resolving deltas: 100% (1/1), done.
To https://github.com/Cerebelum/HW_Git2_Sem_01.git
   6a69d20..1a951d6  main -> main

