$ git init
Initialized empty Git repository in D:/GB_edu/Git/HW_Git2/HW_Git2_Sem_01/.git/

$ git remote add test https://github.com/Cerebelum/HW_Git2_Sem_01.git

$ git remote -v
test    https://github.com/Cerebelum/HW_Git2_Sem_01.git (fetch)
test    https://github.com/Cerebelum/HW_Git2_Sem_01.git (push)

$ git push
fatal: The current branch master has no upstream branch.
To push the current branch and set the remote as upstream, use
    git push --set-upstream test master
To have this happen automatically for branches without a tracking
upstream, see 'push.autoSetupRemote' in 'git help config'.

$ git push --set-upstream test master
error: src refspec master does not match any
error: failed to push some refs to 'https://github.com/Cerebelum/HW_Git2_Sem_01.git'

$ git branch -M main

$ git push --set-upstream test main
error: src refspec main does not match any
error: failed to push some refs to 'https://github.com/Cerebelum/HW_Git2_Sem_01.git'

